0 verbose cli /usr/bin/node /usr/bin/npm
1 info using npm@11.11.0
2 info using node@v22.22.1
3 silly config load:file:/usr/lib/node_modules/npm/npmrc
4 silly config load:file:/tmp/.npmrc
5 silly config load:file:/expo-project/.npmrc
6 silly config load:file:/usr/etc/npmrc
7 verbose title npm pack react-native-screens@4.5.0
8 verbose argv "pack" "react-native-screens@4.5.0"
9 verbose logfile logs-max:10 dir:/expo-project/.npm/_logs/2026-04-23T14_52_50_346Z-
10 verbose logfile /expo-project/.npm/_logs/2026-04-23T14_52_50_346Z-debug-0.log
11 warn Unknown user config "node-linker". This will stop working in the next major version of npm. See `npm help npmrc` for supported config options.
12 warn Unknown user config "enable-pre-post-scripts". This will stop working in the next major version of npm. See `npm help npmrc` for supported config options.
13 warn Unknown user config "shamefully-hoist". This will stop working in the next major version of npm. See `npm help npmrc` for supported config options.
14 warn Unknown user config "public-hoist-pattern". This will stop working in the next major version of npm. See `npm help npmrc` for supported config options.
15 silly logfile done cleaning log files
16 http cache https://registry.npmjs.org/react-native-screens 16ms (cache hit)
17 http cache https://registry.npmjs.org/react-native-screens 7ms (cache hit)
18 http cache https://registry.npmjs.org/react-native-screens/-/react-native-screens-4.5.0.tgz 0ms (cache hit)
19 notice
20 notice 📦  react-native-screens@4.5.0
21 notice Tarball Contents
22 notice 1.1kB LICENSE
22 notice 13.2kB README.md
22 notice 1.5kB RNScreens.podspec
22 notice 7.8kB android/build.gradle
22 notice 2.0kB android/CMakeLists.txt
22 notice 1.8kB android/src/fabric/java/com/swmansion/rnscreens/FabricEnabledHeaderConfigViewGroup.kt
22 notice 2.0kB android/src/fabric/java/com/swmansion/rnscreens/FabricEnabledViewGroup.kt
22 notice 1.4kB android/src/fabric/java/com/swmansion/rnscreens/NativeProxy.kt
22 notice 84B android/src/main/AndroidManifest.xml
22 notice 3.6kB android/src/main/cpp/jni-adapter.cpp
22 notice 1.5kB android/src/main/cpp/NativeProxy.cpp
22 notice 909B android/src/main/cpp/NativeProxy.h
22 notice 208B android/src/main/cpp/OnLoad.cpp
22 notice 1.5kB android/src/main/java/com/swmansion/rnscreens/bottomsheet/BottomSheetBehaviorExt.kt
22 notice 3.9kB android/src/main/java/com/swmansion/rnscreens/bottomsheet/BottomSheetDialogRootView.kt
22 notice 972B android/src/main/java/com/swmansion/rnscreens/bottomsheet/BottomSheetDialogScreen.kt
22 notice 17.4kB android/src/main/java/com/swmansion/rnscreens/bottomsheet/DimmingFragment.kt
22 notice 1.9kB android/src/main/java/com/swmansion/rnscreens/bottomsheet/DimmingView.kt
22 notice 743B android/src/main/java/com/swmansion/rnscreens/bottomsheet/GestureTransparentViewGroup.kt
22 notice 5.0kB android/src/main/java/com/swmansion/rnscreens/bottomsheet/SheetUtils.kt
22 notice 2.9kB android/src/main/java/com/swmansion/rnscreens/CustomSearchView.kt
22 notice 3.4kB android/src/main/java/com/swmansion/rnscreens/CustomToolbar.kt
22 notice 596B android/src/main/java/com/swmansion/rnscreens/events/HeaderAttachedEvent.kt
22 notice 629B android/src/main/java/com/swmansion/rnscreens/events/HeaderBackButtonClickedEvent.kt
22 notice 596B android/src/main/java/com/swmansion/rnscreens/events/HeaderDetachedEvent.kt
22 notice 790B android/src/main/java/com/swmansion/rnscreens/events/HeaderHeightChangeEvent.kt
22 notice 582B android/src/main/java/com/swmansion/rnscreens/events/ScreenAppearEvent.kt
22 notice 591B android/src/main/java/com/swmansion/rnscreens/events/ScreenDisappearEvent.kt
22 notice 655B android/src/main/java/com/swmansion/rnscreens/events/ScreenDismissedEvent.kt
22 notice 934B android/src/main/java/com/swmansion/rnscreens/events/ScreenTransitionProgressEvent.kt
22 notice 594B android/src/main/java/com/swmansion/rnscreens/events/ScreenWillAppearEvent.kt
22 notice 603B android/src/main/java/com/swmansion/rnscreens/events/ScreenWillDisappearEvent.kt
22 notice 596B android/src/main/java/com/swmansion/rnscreens/events/SearchBarBlurEvent.kt
22 notice 701B android/src/main/java/com/swmansion/rnscreens/events/SearchBarChangeTextEvent.kt
22 notice 593B android/src/main/java/com/swmansion/rnscreens/events/SearchBarCloseEvent.kt
22 notice 599B android/src/main/java/com/swmansion/rnscreens/events/SearchBarFocusEvent.kt
22 notice 590B android/src/main/java/com/swmansion/rnscreens/events/SearchBarOpenEvent.kt
22 notice 722B android/src/main/java/com/swmansion/rnscreens/events/SearchBarSearchButtonPressEvent.kt
22 notice 759B android/src/main/java/com/swmansion/rnscreens/events/SheetDetentChangedEvent.kt
22 notice 619B android/src/main/java/com/swmansion/rnscreens/events/StackFinishTransitioningEvent.kt
22 notice 338B android/src/main/java/com/swmansion/rnscreens/ext/NumericExt.kt
22 notice 1.1kB android/src/main/java/com/swmansion/rnscreens/ext/ViewExt.kt
22 notice 801B android/src/main/java/com/swmansion/rnscreens/FragmentBackPressOverrider.kt
22 notice 128B android/src/main/java/com/swmansion/rnscreens/FragmentHolder.kt
22 notice 3.8kB android/src/main/java/com/swmansion/rnscreens/InsetsObserverProxy.kt
22 notice 322B android/src/main/java/com/swmansion/rnscreens/ModalScreenViewManager.kt
22 notice 456B android/src/main/java/com/swmansion/rnscreens/NativeDismissalObserver.kt
22 notice 3.2kB android/src/main/java/com/swmansion/rnscreens/RNScreensPackage.kt
22 notice 19.6kB android/src/main/java/com/swmansion/rnscreens/Screen.kt
22 notice 18.3kB android/src/main/java/com/swmansion/rnscreens/ScreenContainer.kt
22 notice 2.1kB android/src/main/java/com/swmansion/rnscreens/ScreenContainerViewManager.kt
22 notice 1.0kB android/src/main/java/com/swmansion/rnscreens/ScreenContentWrapper.kt
22 notice 1.1kB android/src/main/java/com/swmansion/rnscreens/ScreenContentWrapperManager.kt
22 notice 865B android/src/main/java/com/swmansion/rnscreens/ScreenEventDispatcher.kt
22 notice 12.4kB android/src/main/java/com/swmansion/rnscreens/ScreenFooter.kt
22 notice 966B android/src/main/java/com/swmansion/rnscreens/ScreenFooterManager.kt
22 notice 14.3kB android/src/main/java/com/swmansion/rnscreens/ScreenFragment.kt
22 notice 781B android/src/main/java/com/swmansion/rnscreens/ScreenFragmentWrapper.kt
22 notice 9.9kB android/src/main/java/com/swmansion/rnscreens/ScreenModalFragment.kt
22 notice 4.3kB android/src/main/java/com/swmansion/rnscreens/ScreensModule.kt
22 notice 884B android/src/main/java/com/swmansion/rnscreens/ScreensShadowNode.kt
22 notice 20.2kB android/src/main/java/com/swmansion/rnscreens/ScreenStack.kt
22 notice 27.2kB android/src/main/java/com/swmansion/rnscreens/ScreenStackFragment.kt
22 notice 507B android/src/main/java/com/swmansion/rnscreens/ScreenStackFragmentWrapper.kt
22 notice 15.3kB android/src/main/java/com/swmansion/rnscreens/ScreenStackHeaderConfig.kt
22 notice 747B android/src/main/java/com/swmansion/rnscreens/ScreenStackHeaderConfigShadowNode.kt
22 notice 9.4kB android/src/main/java/com/swmansion/rnscreens/ScreenStackHeaderConfigViewManager.kt
22 notice 1.4kB android/src/main/java/com/swmansion/rnscreens/ScreenStackHeaderSubview.kt
22 notice 1.9kB android/src/main/java/com/swmansion/rnscreens/ScreenStackHeaderSubviewManager.kt
22 notice 2.6kB android/src/main/java/com/swmansion/rnscreens/ScreenStackViewManager.kt
22 notice 12.9kB android/src/main/java/com/swmansion/rnscreens/ScreenViewManager.kt
22 notice 13.2kB android/src/main/java/com/swmansion/rnscreens/ScreenWindowTraits.kt
22 notice 7.3kB android/src/main/java/com/swmansion/rnscreens/SearchBarManager.kt
22 notice 7.1kB android/src/main/java/com/swmansion/rnscreens/SearchBarView.kt
22 notice 2.3kB android/src/main/java/com/swmansion/rnscreens/SearchViewFormatter.kt
22 notice 276B android/src/main/java/com/swmansion/rnscreens/utils/DeviceUtils.kt
22 notice 246B android/src/main/java/com/swmansion/rnscreens/utils/PaddingBundle.kt
22 notice 11.4kB android/src/main/java/com/swmansion/rnscreens/utils/ScreenDummyLayoutHelper.kt
22 notice 1.9kB android/src/main/jni/CMakeLists.txt
22 notice 433B android/src/main/jni/rnscreens.cpp
22 notice 1.3kB android/src/main/jni/rnscreens.h
22 notice 627B android/src/main/res/base/anim/rns_default_enter_in.xml
22 notice 629B android/src/main/res/base/anim/rns_default_enter_out.xml
22 notice 514B android/src/main/res/base/anim/rns_default_exit_in.xml
22 notice 544B android/src/main/res/base/anim/rns_default_exit_out.xml
22 notice 836B android/src/main/res/base/anim/rns_fade_from_bottom.xml
22 notice 321B android/src/main/res/base/anim/rns_fade_in.xml
22 notice 321B android/src/main/res/base/anim/rns_fade_out.xml
22 notice 862B android/src/main/res/base/anim/rns_fade_to_bottom.xml
22 notice 228B android/src/main/res/base/anim/rns_ios_from_left_background_close.xml
22 notice 228B android/src/main/res/base/anim/rns_ios_from_left_background_open.xml
22 notice 301B android/src/main/res/base/anim/rns_ios_from_left_foreground_close.xml
22 notice 301B android/src/main/res/base/anim/rns_ios_from_left_foreground_open.xml
22 notice 229B android/src/main/res/base/anim/rns_ios_from_right_background_close.xml
22 notice 229B android/src/main/res/base/anim/rns_ios_from_right_background_open.xml
22 notice 299B android/src/main/res/base/anim/rns_ios_from_right_foreground_close.xml
22 notice 300B android/src/main/res/base/anim/rns_ios_from_right_foreground_open.xml
22 notice 270B android/src/main/res/base/anim/rns_no_animation_20.xml
22 notice 273B android/src/main/res/base/anim/rns_no_animation_250.xml
22 notice 272B android/src/main/res/base/anim/rns_no_animation_350.xml
22 notice 308B android/src/main/res/base/anim/rns_no_animation_medium.xml
22 notice 444B android/src/main/res/base/anim/rns_slide_in_from_bottom.xml
22 notice 231B android/src/main/res/base/anim/rns_slide_in_from_left.xml
22 notice 230B android/src/main/res/base/anim/rns_slide_in_from_right.xml
22 notice 444B android/src/main/res/base/anim/rns_slide_out_to_bottom.xml
22 notice 230B android/src/main/res/base/anim/rns_slide_out_to_left.xml
22 notice 229B android/src/main/res/base/anim/rns_slide_out_to_right.xml
22 notice 224B android/src/main/res/base/anim/rns_standard_accelerate_interpolator.xml
22 notice 270B android/src/main/res/base/drawable/rns_rounder_top_corners_shape.xml
22 notice 1.2kB android/src/main/res/v33/anim-v33/rns_default_enter_in.xml
22 notice 1.2kB android/src/main/res/v33/anim-v33/rns_default_enter_out.xml
22 notice 1.2kB android/src/main/res/v33/anim-v33/rns_default_exit_in.xml
22 notice 1.2kB android/src/main/res/v33/anim-v33/rns_default_exit_out.xml
22 notice 996B android/src/paper/java/com/facebook/react/viewmanagers/RNSScreenContainerManagerDelegate.java
22 notice 448B android/src/paper/java/com/facebook/react/viewmanagers/RNSScreenContainerManagerInterface.java
22 notice 1.0kB android/src/paper/java/com/facebook/react/viewmanagers/RNSScreenContentWrapperManagerDelegate.java
22 notice 453B android/src/paper/java/com/facebook/react/viewmanagers/RNSScreenContentWrapperManagerInterface.java
22 notice 987B android/src/paper/java/com/facebook/react/viewmanagers/RNSScreenFooterManagerDelegate.java
22 notice 445B android/src/paper/java/com/facebook/react/viewmanagers/RNSScreenFooterManagerInterface.java
22 notice 5.5kB android/src/paper/java/com/facebook/react/viewmanagers/RNSScreenManagerDelegate.java
22 notice 2.3kB android/src/paper/java/com/facebook/react/viewmanagers/RNSScreenManagerInterface.java
22 notice 4.8kB android/src/paper/java/com/facebook/react/viewmanagers/RNSScreenStackHeaderConfigManagerDelegate.java
22 notice 2.0kB android/src/paper/java/com/facebook/react/viewmanagers/RNSScreenStackHeaderConfigManagerInterface.java
22 notice 1.2kB android/src/paper/java/com/facebook/react/viewmanagers/RNSScreenStackHeaderSubviewManagerDelegate.java
22 notice 528B android/src/paper/java/com/facebook/react/viewmanagers/RNSScreenStackHeaderSubviewManagerInterface.java
22 notice 984B android/src/paper/java/com/facebook/react/viewmanagers/RNSScreenStackManagerDelegate.java
22 notice 444B android/src/paper/java/com/facebook/react/viewmanagers/RNSScreenStackManagerInterface.java
22 notice 3.8kB android/src/paper/java/com/facebook/react/viewmanagers/RNSSearchBarManagerDelegate.java
22 notice 1.5kB android/src/paper/java/com/facebook/react/viewmanagers/RNSSearchBarManagerInterface.java
22 notice 1.3kB android/src/paper/java/com/swmansion/rnscreens/FabricEnabledHeaderConfigViewGroup.kt
22 notice 455B android/src/paper/java/com/swmansion/rnscreens/FabricEnabledViewGroup.kt
22 notice 424B android/src/paper/java/com/swmansion/rnscreens/NativeProxy.kt
22 notice 1.1kB android/src/paper/java/com/swmansion/rnscreens/NativeScreensModuleSpec.java
22 notice 960B common/cpp/react/renderer/components/rnscreens/FrameCorrectionModes.h
22 notice 1.3kB common/cpp/react/renderer/components/rnscreens/RNSModalScreenComponentDescriptor.h
22 notice 419B common/cpp/react/renderer/components/rnscreens/RNSModalScreenShadowNode.cpp
22 notice 921B common/cpp/react/renderer/components/rnscreens/RNSModalScreenShadowNode.h
22 notice 3.3kB common/cpp/react/renderer/components/rnscreens/RNSScreenComponentDescriptor.h
22 notice 5.7kB common/cpp/react/renderer/components/rnscreens/RNSScreenShadowNode.cpp
22 notice 1.5kB common/cpp/react/renderer/components/rnscreens/RNSScreenShadowNode.h
22 notice 1.7kB common/cpp/react/renderer/components/rnscreens/RNSScreenStackHeaderConfigComponentDescriptor.h
22 notice 758B common/cpp/react/renderer/components/rnscreens/RNSScreenStackHeaderConfigShadowNode.cpp
22 notice 1.2kB common/cpp/react/renderer/components/rnscreens/RNSScreenStackHeaderConfigShadowNode.h
22 notice 825B common/cpp/react/renderer/components/rnscreens/RNSScreenStackHeaderConfigState.cpp
22 notice 1.6kB common/cpp/react/renderer/components/rnscreens/RNSScreenStackHeaderConfigState.h
22 notice 779B common/cpp/react/renderer/components/rnscreens/RNSScreenStackHeaderSubviewComponentDescriptor.h
22 notice 211B common/cpp/react/renderer/components/rnscreens/RNSScreenStackHeaderSubviewShadowNode.cpp
22 notice 1.0kB common/cpp/react/renderer/components/rnscreens/RNSScreenStackHeaderSubviewShadowNode.h
22 notice 301B common/cpp/react/renderer/components/rnscreens/RNSScreenStackHeaderSubviewState.cpp
22 notice 903B common/cpp/react/renderer/components/rnscreens/RNSScreenStackHeaderSubviewState.h
22 notice 856B common/cpp/react/renderer/components/rnscreens/RNSScreenState.cpp
22 notice 1.8kB common/cpp/react/renderer/components/rnscreens/RNSScreenState.h
22 notice 1.0kB common/cpp/react/renderer/components/rnscreens/utils/RectUtil.h
22 notice 4.2kB cpp/RNScreensTurboModule.cpp
22 notice 1.4kB cpp/RNScreensTurboModule.h
22 notice 907B cpp/RNSScreenRemovalListener.cpp
22 notice 761B cpp/RNSScreenRemovalListener.h
22 notice 209B gesture-handler/package.json
22 notice 234B ios/events/RNSHeaderHeightChangeEvent.h
22 notice 1.0kB ios/events/RNSHeaderHeightChangeEvent.mm
22 notice 367B ios/events/RNSScreenViewEvent.h
22 notice 1.2kB ios/events/RNSScreenViewEvent.mm
22 notice 192B ios/RCTImageComponentView+RNSScreenStackHeaderConfig.h
22 notice 248B ios/RCTImageComponentView+RNSScreenStackHeaderConfig.mm
22 notice 2.3kB ios/RNSConvert.h
22 notice 9.0kB ios/RNSConvert.mm
22 notice 17.3kB ios/RNScreens.xcodeproj/project.pbxproj
22 notice 5.1kB ios/RNSEnums.h
22 notice 732B ios/RNSFullWindowOverlay.h
22 notice 6.7kB ios/RNSFullWindowOverlay.mm
22 notice 129B ios/RNSModalScreen.h
22 notice 2.1kB ios/RNSModalScreen.mm
22 notice 320B ios/RNSModule.h
22 notice 5.4kB ios/RNSModule.mm
22 notice 280B ios/RNSPercentDrivenInteractiveTransition.h
22 notice 2.1kB ios/RNSPercentDrivenInteractiveTransition.mm
22 notice 5.9kB ios/RNSScreen.h
22 notice 76.5kB ios/RNSScreen.mm
22 notice 829B ios/RNSScreenContainer.h
22 notice 11.0kB ios/RNSScreenContainer.mm
22 notice 974B ios/RNSScreenContentWrapper.h
22 notice 1.7kB ios/RNSScreenContentWrapper.mm
22 notice 565B ios/RNSScreenFooter.h
22 notice 5.7kB ios/RNSScreenFooter.mm
22 notice 327B ios/RNSScreenNavigationContainer.h
22 notice 1.9kB ios/RNSScreenNavigationContainer.mm
22 notice 1.0kB ios/RNSScreenStack.h
22 notice 54.0kB ios/RNSScreenStack.mm
22 notice 914B ios/RNSScreenStackAnimator.h
22 notice 28.5kB ios/RNSScreenStackAnimator.mm
22 notice 4.5kB ios/RNSScreenStackHeaderConfig.h
22 notice 50.2kB ios/RNSScreenStackHeaderConfig.mm
22 notice 714B ios/RNSScreenStackHeaderSubview.h
22 notice 5.9kB ios/RNSScreenStackHeaderSubview.mm
22 notice 993B ios/RNSScreenWindowTraits.h
22 notice 9.6kB ios/RNSScreenWindowTraits.mm
22 notice 1.4kB ios/RNSSearchBar.h
22 notice 13.8kB ios/RNSSearchBar.mm
22 notice 119B ios/UIViewController+RNScreens.h
22 notice 3.1kB ios/UIViewController+RNScreens.mm
22 notice 111B ios/UIWindow+RNScreens.h
22 notice 398B ios/UIWindow+RNScreens.mm
22 notice 238B ios/utils/RCTSurfaceTouchHandler+RNSUtility.h
22 notice 266B ios/utils/RCTSurfaceTouchHandler+RNSUtility.mm
22 notice 226B ios/utils/RCTTouchHandler+RNSUtility.h
22 notice 255B ios/utils/RCTTouchHandler+RNSUtility.mm
22 notice 230B ios/utils/RNSDefines.h
22 notice 119B ios/utils/RNSUIBarButtonItem.h
22 notice 411B ios/utils/RNSUIBarButtonItem.mm
22 notice 1.3kB ios/utils/UINavigationBar+RNSUtility.h
22 notice 1.0kB ios/utils/UINavigationBar+RNSUtility.mm
22 notice 524B ios/utils/UIView+RNSUtility.h
22 notice 1.8kB ios/utils/UIView+RNSUtility.mm
22 notice 2.3kB lib/commonjs/components/DebugContainer.js
22 notice 2.4kB lib/commonjs/components/DebugContainer.js.map
22 notice 1.3kB lib/commonjs/components/DebugContainer.web.js
22 notice 1.6kB lib/commonjs/components/DebugContainer.web.js.map
22 notice 1.1kB lib/commonjs/components/FullWindowOverlay.js
22 notice 1.2kB lib/commonjs/components/FullWindowOverlay.js.map
22 notice 251B lib/commonjs/components/FullWindowOverlay.web.js
22 notice 280B lib/commonjs/components/FullWindowOverlay.web.js.map
22 notice 1.0kB lib/commonjs/components/helpers/DelayedFreeze.js
22 notice 1.1kB lib/commonjs/components/helpers/DelayedFreeze.js.map
22 notice 338B lib/commonjs/components/helpers/usePrevious.js
22 notice 431B lib/commonjs/components/helpers/usePrevious.js.map
22 notice 12.2kB lib/commonjs/components/Screen.js
22 notice 10.3kB lib/commonjs/components/Screen.js.map
22 notice 2.1kB lib/commonjs/components/Screen.web.js
22 notice 2.3kB lib/commonjs/components/Screen.web.js.map
22 notice 1.4kB lib/commonjs/components/ScreenContainer.js
22 notice 1.5kB lib/commonjs/components/ScreenContainer.js.map
22 notice 290B lib/commonjs/components/ScreenContainer.web.js
22 notice 321B lib/commonjs/components/ScreenContainer.web.js.map
22 notice 938B lib/commonjs/components/ScreenContentWrapper.js
22 notice 1.1kB lib/commonjs/components/ScreenContentWrapper.js.map
22 notice 305B lib/commonjs/components/ScreenContentWrapper.web.js
22 notice 336B lib/commonjs/components/ScreenContentWrapper.web.js.map
22 notice 791B lib/commonjs/components/ScreenFooter.js
22 notice 828B lib/commonjs/components/ScreenFooter.js.map
22 notice 376B lib/commonjs/components/ScreenFooter.web.js
22 notice 384B lib/commonjs/components/ScreenFooter.web.js.map
22 notice 3.4kB lib/commonjs/components/ScreenStack.js
22 notice 3.2kB lib/commonjs/components/ScreenStack.js.map
22 notice 278B lib/commonjs/components/ScreenStack.web.js
22 notice 313B lib/commonjs/components/ScreenStack.web.js.map
22 notice 3.9kB lib/commonjs/components/ScreenStackHeaderConfig.js
22 notice 4.1kB lib/commonjs/components/ScreenStackHeaderConfig.js.map
22 notice 2.2kB lib/commonjs/components/ScreenStackHeaderConfig.web.js
22 notice 2.1kB lib/commonjs/components/ScreenStackHeaderConfig.web.js.map
22 notice 5.4kB lib/commonjs/components/ScreenStackItem.js
22 notice 5.8kB lib/commonjs/components/ScreenStackItem.js.map
22 notice 3.3kB lib/commonjs/components/SearchBar.js
22 notice 4.2kB lib/commonjs/components/SearchBar.js.map
22 notice 272B lib/commonjs/components/SearchBar.web.js
22 notice 309B lib/commonjs/components/SearchBar.web.js.map
22 notice 605B lib/commonjs/contexts.js
22 notice 682B lib/commonjs/contexts.js.map
22 notice 1.3kB lib/commonjs/core.js
22 notice 1.3kB lib/commonjs/core.js.map
22 notice 487B lib/commonjs/fabric/FullWindowOverlayNativeComponent.js
22 notice 608B lib/commonjs/fabric/FullWindowOverlayNativeComponent.js.map
22 notice 555B lib/commonjs/fabric/ModalScreenNativeComponent.js
22 notice 642B lib/commonjs/fabric/ModalScreenNativeComponent.js.map
22 notice 295B lib/commonjs/fabric/NativeScreensModule.js
22 notice 432B lib/commonjs/fabric/NativeScreensModule.js.map
22 notice 194B lib/commonjs/fabric/NativeScreensModule.web.js
22 notice 152B lib/commonjs/fabric/NativeScreensModule.web.js.map
22 notice 483B lib/commonjs/fabric/ScreenContainerNativeComponent.js
22 notice 606B lib/commonjs/fabric/ScreenContainerNativeComponent.js.map
22 notice 479B lib/commonjs/fabric/ScreenContentWrapperNativeComponent.js
22 notice 502B lib/commonjs/fabric/ScreenContentWrapperNativeComponent.js.map
22 notice 463B lib/commonjs/fabric/ScreenFooterNativeComponent.js
22 notice 492B lib/commonjs/fabric/ScreenFooterNativeComponent.js.map
22 notice 545B lib/commonjs/fabric/ScreenNativeComponent.js
22 notice 635B lib/commonjs/fabric/ScreenNativeComponent.js.map
22 notice 503B lib/commonjs/fabric/ScreenNavigationContainerNativeComponent.js
22 notice 618B lib/commonjs/fabric/ScreenNavigationContainerNativeComponent.js.map
22 notice 636B lib/commonjs/fabric/ScreenStackHeaderConfigNativeComponent.js
22 notice 660B lib/commonjs/fabric/ScreenStackHeaderConfigNativeComponent.js.map
22 notice 524B lib/commonjs/fabric/ScreenStackHeaderSubviewNativeComponent.js
22 notice 651B lib/commonjs/fabric/ScreenStackHeaderSubviewNativeComponent.js.map
22 notice 532B lib/commonjs/fabric/ScreenStackNativeComponent.js
22 notice 607B lib/commonjs/fabric/ScreenStackNativeComponent.js.map
22 notice 810B lib/commonjs/fabric/SearchBarNativeComponent.js
22 notice 908B lib/commonjs/fabric/SearchBarNativeComponent.js.map
22 notice 2.9kB lib/commonjs/gesture-handler/constraints.js
22 notice 2.7kB lib/commonjs/gesture-handler/constraints.js.map
22 notice 1.6kB lib/commonjs/gesture-handler/defaults.js
22 notice 1.6kB lib/commonjs/gesture-handler/defaults.js.map
22 notice 2.6kB lib/commonjs/gesture-handler/fabricUtils.js
22 notice 2.1kB lib/commonjs/gesture-handler/fabricUtils.js.map
22 notice 389B lib/commonjs/gesture-handler/fabricUtils.web.js
22 notice 367B lib/commonjs/gesture-handler/fabricUtils.web.js.map
22 notice 735B lib/commonjs/gesture-handler/GestureDetectorProvider.js
22 notice 838B lib/commonjs/gesture-handler/GestureDetectorProvider.js.map
22 notice 446B lib/commonjs/gesture-handler/index.js
22 notice 351B lib/commonjs/gesture-handler/index.js.map
22 notice 256B lib/commonjs/gesture-handler/RNScreensTurboModule.js
22 notice 249B lib/commonjs/gesture-handler/RNScreensTurboModule.js.map
22 notice 9.2kB lib/commonjs/gesture-handler/ScreenGestureDetector.js
22 notice 10.0kB lib/commonjs/gesture-handler/ScreenGestureDetector.js.map
22 notice 6.8kB lib/commonjs/index.js
22 notice 2.7kB lib/commonjs/index.js.map
22 notice 579B lib/commonjs/native-stack/contexts/GHContext.js
22 notice 723B lib/commonjs/native-stack/contexts/GHContext.js.map
22 notice 1.7kB lib/commonjs/native-stack/index.js
22 notice 700B lib/commonjs/native-stack/index.js.map
22 notice 3.7kB lib/commonjs/native-stack/navigators/createNativeStackNavigator.js
22 notice 3.5kB lib/commonjs/native-stack/navigators/createNativeStackNavigator.js.map
22 notice 113B lib/commonjs/native-stack/types.js
22 notice 120B lib/commonjs/native-stack/types.js.map
22 notice 1.1kB lib/commonjs/native-stack/utils/AnimatedHeaderHeightContext.js
22 notice 1.5kB lib/commonjs/native-stack/utils/AnimatedHeaderHeightContext.js.map
22 notice 1.3kB lib/commonjs/native-stack/utils/getDefaultHeaderHeight.js
22 notice 1.2kB lib/commonjs/native-stack/utils/getDefaultHeaderHeight.js.map
22 notice 1.1kB lib/commonjs/native-stack/utils/getStatusBarHeight.js
22 notice 665B lib/commonjs/native-stack/utils/getStatusBarHeight.js.map
22 notice 1.1kB lib/commonjs/native-stack/utils/HeaderHeightContext.js
22 notice 1.5kB lib/commonjs/native-stack/utils/HeaderHeightContext.js.map
22 notice 2.8kB lib/commonjs/native-stack/utils/SafeAreaProviderCompat.js
22 notice 2.7kB lib/commonjs/native-stack/utils/SafeAreaProviderCompat.js.map
22 notice 1.5kB lib/commonjs/native-stack/utils/useAnimatedHeaderHeight.js
22 notice 1.8kB lib/commonjs/native-stack/utils/useAnimatedHeaderHeight.js.map
22 notice 1.7kB lib/commonjs/native-stack/utils/useBackPressSubscription.js
22 notice 1.9kB lib/commonjs/native-stack/utils/useBackPressSubscription.js.map
22 notice 1.4kB lib/commonjs/native-stack/utils/useHeaderHeight.js
22 notice 1.8kB lib/commonjs/native-stack/utils/useHeaderHeight.js.map
22 notice 775B lib/commonjs/native-stack/views/FontProcessor.js
22 notice 687B lib/commonjs/native-stack/views/FontProcessor.js.map
22 notice 545B lib/commonjs/native-stack/views/FooterComponent.js
22 notice 608B lib/commonjs/native-stack/views/FooterComponent.js.map
22 notice 6.7kB lib/commonjs/native-stack/views/HeaderConfig.js
22 notice 7.1kB lib/commonjs/native-stack/views/HeaderConfig.js.map
22 notice 16.3kB lib/commonjs/native-stack/views/NativeStackView.js
22 notice 15.2kB lib/commonjs/native-stack/views/NativeStackView.js.map
22 notice 984B lib/commonjs/reanimated/index.js
22 notice 503B lib/commonjs/reanimated/index.js.map
22 notice 1.2kB lib/commonjs/reanimated/ReanimatedHeaderHeightContext.js
22 notice 1.4kB lib/commonjs/reanimated/ReanimatedHeaderHeightContext.js.map
22 notice 5.5kB lib/commonjs/reanimated/ReanimatedNativeStackScreen.js
22 notice 5.0kB lib/commonjs/reanimated/ReanimatedNativeStackScreen.js.map
22 notice 1.3kB lib/commonjs/reanimated/ReanimatedScreen.js
22 notice 1.4kB lib/commonjs/reanimated/ReanimatedScreen.js.map
22 notice 1.6kB lib/commonjs/reanimated/ReanimatedScreenProvider.js
22 notice 1.9kB lib/commonjs/reanimated/ReanimatedScreenProvider.js.map
22 notice 1.2kB lib/commonjs/reanimated/ReanimatedTransitionProgressContext.js
22 notice 1.5kB lib/commonjs/reanimated/ReanimatedTransitionProgressContext.js.map
22 notice 1.6kB lib/commonjs/reanimated/useReanimatedHeaderHeight.js
22 notice 1.8kB lib/commonjs/reanimated/useReanimatedHeaderHeight.js.map
22 notice 1.5kB lib/commonjs/reanimated/useReanimatedTransitionProgress.js
22 notice 1.8kB lib/commonjs/reanimated/useReanimatedTransitionProgress.js.map
22 notice 1.1kB lib/commonjs/TransitionProgressContext.js
22 notice 1.5kB lib/commonjs/TransitionProgressContext.js.map
22 notice 113B lib/commonjs/types.js
22 notice 104B lib/commonjs/types.js.map
22 notice 1.5kB lib/commonjs/useTransitionProgress.js
22 notice 1.8kB lib/commonjs/useTransitionProgress.js.map
22 notice 1.9kB lib/commonjs/utils.js
22 notice 786B lib/commonjs/utils.js.map
22 notice 1.1kB lib/module/components/DebugContainer.js
22 notice 1.0kB lib/module/components/DebugContainer.js.map
22 notice 259B lib/module/components/DebugContainer.web.js
22 notice 367B lib/module/components/DebugContainer.web.js.map
22 notice 795B lib/module/components/FullWindowOverlay.js
22 notice 937B lib/module/components/FullWindowOverlay.js.map
22 notice 107B lib/module/components/FullWindowOverlay.web.js
22 notice 182B lib/module/components/FullWindowOverlay.web.js.map
22 notice 748B lib/module/components/helpers/DelayedFreeze.js
22 notice 819B lib/module/components/helpers/DelayedFreeze.js.map
22 notice 218B lib/module/components/helpers/usePrevious.js
22 notice 411B lib/module/components/helpers/usePrevious.js.map
22 notice 11.5kB lib/module/components/Screen.js
22 notice 9.7kB lib/module/components/Screen.js.map
22 notice 1.6kB lib/module/components/Screen.web.js
22 notice 1.7kB lib/module/components/Screen.web.js.map
22 notice 1.0kB lib/module/components/ScreenContainer.js
22 notice 1.0kB lib/module/components/ScreenContainer.js.map
22 notice 146B lib/module/components/ScreenContainer.web.js
22 notice 226B lib/module/components/ScreenContainer.web.js.map
22 notice 654B lib/module/components/ScreenContentWrapper.js
22 notice 463B lib/module/components/ScreenContentWrapper.js.map
22 notice 161B lib/module/components/ScreenContentWrapper.web.js
22 notice 240B lib/module/components/ScreenContentWrapper.web.js.map
22 notice 463B lib/module/components/ScreenFooter.js
22 notice 564B lib/module/components/ScreenFooter.js.map
22 notice 195B lib/module/components/ScreenFooter.web.js
22 notice 283B lib/module/components/ScreenFooter.web.js.map
22 notice 3.0kB lib/module/components/ScreenStack.js
22 notice 2.8kB lib/module/components/ScreenStack.js.map
22 notice 134B lib/module/components/ScreenStack.web.js
22 notice 218B lib/module/components/ScreenStack.web.js.map
22 notice 2.9kB lib/module/components/ScreenStackHeaderConfig.js
22 notice 3.3kB lib/module/components/ScreenStackHeaderConfig.js.map
22 notice 1.1kB lib/module/components/ScreenStackHeaderConfig.web.js
22 notice 1.2kB lib/module/components/ScreenStackHeaderConfig.web.js.map
22 notice 4.1kB lib/module/components/ScreenStackItem.js
22 notice 3.9kB lib/module/components/ScreenStackItem.js.map
22 notice 2.3kB lib/module/components/SearchBar.js
22 notice 2.8kB lib/module/components/SearchBar.js.map
22 notice 128B lib/module/components/SearchBar.web.js
22 notice 214B lib/module/components/SearchBar.web.js.map
22 notice 279B lib/module/contexts.js
22 notice 436B lib/module/contexts.js.map
22 notice 933B lib/module/core.js
22 notice 1.0kB lib/module/core.js.map
22 notice 236B lib/module/fabric/FullWindowOverlayNativeComponent.js
22 notice 255B lib/module/fabric/FullWindowOverlayNativeComponent.js.map
22 notice 306B lib/module/fabric/ModalScreenNativeComponent.js
22 notice 291B lib/module/fabric/ModalScreenNativeComponent.js.map
22 notice 167B lib/module/fabric/NativeScreensModule.js
22 notice 237B lib/module/fabric/NativeScreensModule.js.map
22 notice 70B lib/module/fabric/NativeScreensModule.web.js
22 notice 150B lib/module/fabric/NativeScreensModule.web.js.map
22 notice 232B lib/module/fabric/ScreenContainerNativeComponent.js
22 notice 253B lib/module/fabric/ScreenContainerNativeComponent.js.map
22 notice 227B lib/module/fabric/ScreenContentWrapperNativeComponent.js
22 notice 249B lib/module/fabric/ScreenContentWrapperNativeComponent.js.map
22 notice 211B lib/module/fabric/ScreenFooterNativeComponent.js
22 notice 239B lib/module/fabric/ScreenFooterNativeComponent.js.map
22 notice 296B lib/module/fabric/ScreenNativeComponent.js
22 notice 284B lib/module/fabric/ScreenNativeComponent.js.map
22 notice 252B lib/module/fabric/ScreenNavigationContainerNativeComponent.js
22 notice 265B lib/module/fabric/ScreenNavigationContainerNativeComponent.js.map
22 notice 388B lib/module/fabric/ScreenStackHeaderConfigNativeComponent.js
22 notice 310B lib/module/fabric/ScreenStackHeaderConfigNativeComponent.js.map
22 notice 273B lib/module/fabric/ScreenStackHeaderSubviewNativeComponent.js
22 notice 298B lib/module/fabric/ScreenStackHeaderSubviewNativeComponent.js.map
22 notice 283B lib/module/fabric/ScreenStackNativeComponent.js
22 notice 256B lib/module/fabric/ScreenStackNativeComponent.js.map
22 notice 486B lib/module/fabric/SearchBarNativeComponent.js
22 notice 477B lib/module/fabric/SearchBarNativeComponent.js.map
22 notice 2.6kB lib/module/gesture-handler/constraints.js
22 notice 2.6kB lib/module/gesture-handler/constraints.js.map
22 notice 1.1kB lib/module/gesture-handler/defaults.js
22 notice 1.5kB lib/module/gesture-handler/defaults.js.map
22 notice 2.5kB lib/module/gesture-handler/fabricUtils.js
22 notice 2.0kB lib/module/gesture-handler/fabricUtils.js.map
22 notice 215B lib/module/gesture-handler/fabricUtils.web.js
22 notice 370B lib/module/gesture-handler/fabricUtils.web.js.map
22 notice 449B lib/module/gesture-handler/GestureDetectorProvider.js
22 notice 605B lib/module/gesture-handler/GestureDetectorProvider.js.map
22 notice 133B lib/module/gesture-handler/index.js
22 notice 213B lib/module/gesture-handler/index.js.map
22 notice 113B lib/module/gesture-handler/RNScreensTurboModule.js
22 notice 215B lib/module/gesture-handler/RNScreensTurboModule.js.map
22 notice 7.8kB lib/module/gesture-handler/ScreenGestureDetector.js
22 notice 8.8kB lib/module/gesture-handler/ScreenGestureDetector.js.map
22 notice 1.4kB lib/module/index.js
22 notice 1.4kB lib/module/index.js.map
22 notice 318B lib/module/native-stack/contexts/GHContext.js
22 notice 395B lib/module/native-stack/contexts/GHContext.js.map
22 notice 608B lib/module/native-stack/index.js
22 notice 582B lib/module/native-stack/index.js.map
22 notice 2.7kB lib/module/native-stack/navigators/createNativeStackNavigator.js
22 notice 1.8kB lib/module/native-stack/navigators/createNativeStackNavigator.js.map
22 notice 44B lib/module/native-stack/types.js
22 notice 120B lib/module/native-stack/types.js.map
22 notice 212B lib/module/native-stack/utils/AnimatedHeaderHeightContext.js
22 notice 323B lib/module/native-stack/utils/AnimatedHeaderHeightContext.js.map
22 notice 1.1kB lib/module/native-stack/utils/getDefaultHeaderHeight.js
22 notice 1.1kB lib/module/native-stack/utils/getDefaultHeaderHeight.js.map
22 notice 938B lib/module/native-stack/utils/getStatusBarHeight.js
22 notice 637B lib/module/native-stack/utils/getStatusBarHeight.js.map
22 notice 188B lib/module/native-stack/utils/HeaderHeightContext.js
22 notice 308B lib/module/native-stack/utils/HeaderHeightContext.js.map
22 notice 1.8kB lib/module/native-stack/utils/SafeAreaProviderCompat.js
22 notice 1.6kB lib/module/native-stack/utils/SafeAreaProviderCompat.js.map
22 notice 457B lib/module/native-stack/utils/useAnimatedHeaderHeight.js
22 notice 510B lib/module/native-stack/utils/useAnimatedHeaderHeight.js.map
22 notice 1.3kB lib/module/native-stack/utils/useBackPressSubscription.js
22 notice 1.7kB lib/module/native-stack/utils/useBackPressSubscription.js.map
22 notice 396B lib/module/native-stack/utils/useHeaderHeight.js
22 notice 476B lib/module/native-stack/utils/useHeaderHeight.js.map
22 notice 542B lib/module/native-stack/views/FontProcessor.js
22 notice 494B lib/module/native-stack/views/FontProcessor.js.map
22 notice 285B lib/module/native-stack/views/FooterComponent.js
22 notice 408B lib/module/native-stack/views/FooterComponent.js.map
22 notice 5.5kB lib/module/native-stack/views/HeaderConfig.js
22 notice 5.7kB lib/module/native-stack/views/HeaderConfig.js.map
22 notice 14.5kB lib/module/native-stack/views/NativeStackView.js
22 notice 13.1kB lib/module/native-stack/views/NativeStackView.js.map
22 notice 295B lib/module/reanimated/index.js
22 notice 340B lib/module/reanimated/index.js.map
22 notice 239B lib/module/reanimated/ReanimatedHeaderHeightContext.js
22 notice 259B lib/module/reanimated/ReanimatedHeaderHeightContext.js.map
22 notice 4.0kB lib/module/reanimated/ReanimatedNativeStackScreen.js
22 notice 3.1kB lib/module/reanimated/ReanimatedNativeStackScreen.js.map
22 notice 998B lib/module/reanimated/ReanimatedScreen.js
22 notice 680B lib/module/reanimated/ReanimatedScreen.js.map
22 notice 1.3kB lib/module/reanimated/ReanimatedScreenProvider.js
22 notice 1.2kB lib/module/reanimated/ReanimatedScreenProvider.js.map
22 notice 245B lib/module/reanimated/ReanimatedTransitionProgressContext.js
22 notice 265B lib/module/reanimated/ReanimatedTransitionProgressContext.js.map
22 notice 531B lib/module/reanimated/useReanimatedHeaderHeight.js
22 notice 497B lib/module/reanimated/useReanimatedHeaderHeight.js.map
22 notice 493B lib/module/reanimated/useReanimatedTransitionProgress.js
22 notice 518B lib/module/reanimated/useReanimatedTransitionProgress.js.map
22 notice 160B lib/module/TransitionProgressContext.js
22 notice 246B lib/module/TransitionProgressContext.js.map
22 notice 44B lib/module/types.js
22 notice 104B lib/module/types.js.map
22 notice 432B lib/module/useTransitionProgress.js
22 notice 474B lib/module/useTransitionProgress.js.map
22 notice 1.6kB lib/module/utils.js
22 notice 721B lib/module/utils.js.map
22 notice 536B lib/typescript/components/DebugContainer.d.ts
22 notice 466B lib/typescript/components/DebugContainer.d.ts.map
22 notice 204B lib/typescript/components/DebugContainer.web.d.ts
22 notice 286B lib/typescript/components/DebugContainer.web.d.ts.map
22 notice 215B lib/typescript/components/FullWindowOverlay.d.ts
22 notice 290B lib/typescript/components/FullWindowOverlay.d.ts.map
22 notice 193B lib/typescript/components/FullWindowOverlay.web.d.ts
22 notice 228B lib/typescript/components/FullWindowOverlay.web.d.ts.map
22 notice 278B lib/typescript/components/helpers/DelayedFreeze.d.ts
22 notice 349B lib/typescript/components/helpers/DelayedFreeze.d.ts.map
22 notice 106B lib/typescript/components/helpers/usePrevious.d.ts
22 notice 217B lib/typescript/components/helpers/usePrevious.d.ts.map
22 notice 531B lib/typescript/components/Screen.d.ts
22 notice 354B lib/typescript/components/Screen.d.ts.map
22 notice 497B lib/typescript/components/Screen.web.d.ts
22 notice 460B lib/typescript/components/Screen.web.d.ts.map
22 notice 235B lib/typescript/components/ScreenContainer.d.ts
22 notice 280B lib/typescript/components/ScreenContainer.d.ts.map
22 notice 162B lib/typescript/components/ScreenContainer.web.d.ts
22 notice 241B lib/typescript/components/ScreenContainer.web.d.ts.map
22 notice 232B lib/typescript/components/ScreenContentWrapper.d.ts
22 notice 290B lib/typescript/components/ScreenContentWrapper.d.ts.map
22 notice 177B lib/typescript/components/ScreenContentWrapper.web.d.ts
22 notice 255B lib/typescript/components/ScreenContentWrapper.web.d.ts.map
22 notice 375B lib/typescript/components/ScreenFooter.d.ts
22 notice 407B lib/typescript/components/ScreenFooter.d.ts.map
22 notice 225B lib/typescript/components/ScreenFooter.web.d.ts
22 notice 297B lib/typescript/components/ScreenFooter.web.d.ts.map
22 notice 215B lib/typescript/components/ScreenStack.d.ts
22 notice 276B lib/typescript/components/ScreenStack.d.ts.map
22 notice 150B lib/typescript/components/ScreenStack.web.d.ts
22 notice 233B lib/typescript/components/ScreenStack.web.d.ts.map
22 notice 1.0kB lib/typescript/components/ScreenStackHeaderConfig.d.ts
22 notice 817B lib/typescript/components/ScreenStackHeaderConfig.d.ts.map
22 notice 1.0kB lib/typescript/components/ScreenStackHeaderConfig.web.d.ts
22 notice 883B lib/typescript/components/ScreenStackHeaderConfig.web.d.ts.map
22 notice 544B lib/typescript/components/ScreenStackItem.d.ts
22 notice 508B lib/typescript/components/ScreenStackItem.d.ts.map
22 notice 280B lib/typescript/components/SearchBar.d.ts
22 notice 227B lib/typescript/components/SearchBar.d.ts.map
22 notice 144B lib/typescript/components/SearchBar.web.d.ts
22 notice 229B lib/typescript/components/SearchBar.web.d.ts.map
22 notice 381B lib/typescript/contexts.d.ts
22 notice 312B lib/typescript/contexts.d.ts.map
22 notice 347B lib/typescript/core.d.ts
22 notice 263B lib/typescript/core.d.ts.map
22 notice 363B lib/typescript/fabric/FullWindowOverlayNativeComponent.d.ts
22 notice 261B lib/typescript/fabric/FullWindowOverlayNativeComponent.d.ts.map
22 notice 3.5kB lib/typescript/fabric/ModalScreenNativeComponent.d.ts
22 notice 3.2kB lib/typescript/fabric/ModalScreenNativeComponent.d.ts.map
22 notice 206B lib/typescript/fabric/NativeScreensModule.d.ts
22 notice 239B lib/typescript/fabric/NativeScreensModule.d.ts.map
22 notice 106B lib/typescript/fabric/NativeScreensModule.web.d.ts
22 notice 165B lib/typescript/fabric/NativeScreensModule.web.d.ts.map
22 notice 361B lib/typescript/fabric/ScreenContainerNativeComponent.d.ts
22 notice 257B lib/typescript/fabric/ScreenContainerNativeComponent.d.ts.map
22 notice 373B lib/typescript/fabric/ScreenContentWrapperNativeComponent.d.ts
22 notice 271B lib/typescript/fabric/ScreenContentWrapperNativeComponent.d.ts.map
22 notice 365B lib/typescript/fabric/ScreenFooterNativeComponent.d.ts
22 notice 256B lib/typescript/fabric/ScreenFooterNativeComponent.d.ts.map
22 notice 3.5kB lib/typescript/fabric/ScreenNativeComponent.d.ts
22 notice 3.2kB lib/typescript/fabric/ScreenNativeComponent.d.ts.map
22 notice 371B lib/typescript/fabric/ScreenNavigationContainerNativeComponent.d.ts
22 notice 276B lib/typescript/fabric/ScreenNavigationContainerNativeComponent.d.ts.map
22 notice 2.2kB lib/typescript/fabric/ScreenStackHeaderConfigNativeComponent.d.ts
22 notice 1.9kB lib/typescript/fabric/ScreenStackHeaderConfigNativeComponent.d.ts.map
22 notice 602B lib/typescript/fabric/ScreenStackHeaderSubviewNativeComponent.d.ts
22 notice 474B lib/typescript/fabric/ScreenStackHeaderSubviewNativeComponent.d.ts.map
22 notice 569B lib/typescript/fabric/ScreenStackNativeComponent.d.ts
22 notice 404B lib/typescript/fabric/ScreenStackNativeComponent.d.ts.map
22 notice 2.4kB lib/typescript/fabric/SearchBarNativeComponent.d.ts
22 notice 2.2kB lib/typescript/fabric/SearchBarNativeComponent.d.ts.map
22 notice 766B lib/typescript/gesture-handler/constraints.d.ts
22 notice 583B lib/typescript/gesture-handler/constraints.d.ts.map
22 notice 971B lib/typescript/gesture-handler/defaults.d.ts
22 notice 325B lib/typescript/gesture-handler/defaults.d.ts.map
22 notice 343B lib/typescript/gesture-handler/fabricUtils.d.ts
22 notice 388B lib/typescript/gesture-handler/fabricUtils.d.ts.map
22 notice 210B lib/typescript/gesture-handler/fabricUtils.web.d.ts
22 notice 195B lib/typescript/gesture-handler/fabricUtils.web.d.ts.map
22 notice 191B lib/typescript/gesture-handler/GestureDetectorProvider.d.ts
22 notice 288B lib/typescript/gesture-handler/GestureDetectorProvider.d.ts.map
22 notice 115B lib/typescript/gesture-handler/index.d.ts
22 notice 180B lib/typescript/gesture-handler/index.d.ts.map
22 notice 522B lib/typescript/gesture-handler/RNScreensTurboModule.d.ts
22 notice 558B lib/typescript/gesture-handler/RNScreensTurboModule.d.ts.map
22 notice 397B lib/typescript/gesture-handler/ScreenGestureDetector.d.ts
22 notice 305B lib/typescript/gesture-handler/ScreenGestureDetector.d.ts.map
22 notice 1.3kB lib/typescript/index.d.ts
22 notice 963B lib/typescript/index.d.ts.map
22 notice 256B lib/typescript/native-stack/contexts/GHContext.d.ts
22 notice 296B lib/typescript/native-stack/contexts/GHContext.d.ts.map
22 notice 720B lib/typescript/native-stack/index.d.ts
22 notice 562B lib/typescript/native-stack/index.d.ts.map
22 notice 1.1kB lib/typescript/native-stack/navigators/createNativeStackNavigator.d.ts
22 notice 462B lib/typescript/native-stack/navigators/createNativeStackNavigator.d.ts.map
22 notice 28.5kB lib/typescript/native-stack/types.d.ts
22 notice 7.0kB lib/typescript/native-stack/types.d.ts.map
22 notice 260B lib/typescript/native-stack/utils/AnimatedHeaderHeightContext.d.ts
22 notice 309B lib/typescript/native-stack/utils/AnimatedHeaderHeightContext.d.ts.map
22 notice 340B lib/typescript/native-stack/utils/getDefaultHeaderHeight.d.ts
22 notice 421B lib/typescript/native-stack/utils/getDefaultHeaderHeight.d.ts.map
22 notice 224B lib/typescript/native-stack/utils/getStatusBarHeight.d.ts
22 notice 304B lib/typescript/native-stack/utils/getStatusBarHeight.d.ts.map
22 notice 187B lib/typescript/native-stack/utils/HeaderHeightContext.d.ts
22 notice 253B lib/typescript/native-stack/utils/HeaderHeightContext.d.ts.map
22 notice 466B lib/typescript/native-stack/utils/SafeAreaProviderCompat.d.ts
22 notice 462B lib/typescript/native-stack/utils/SafeAreaProviderCompat.d.ts.map
22 notice 143B lib/typescript/native-stack/utils/useAnimatedHeaderHeight.d.ts
22 notice 207B lib/typescript/native-stack/utils/useAnimatedHeaderHeight.d.ts.map
22 notice 525B lib/typescript/native-stack/utils/useBackPressSubscription.d.ts
22 notice 489B lib/typescript/native-stack/utils/useBackPressSubscription.d.ts.map
22 notice 96B lib/typescript/native-stack/utils/useHeaderHeight.d.ts
22 notice 188B lib/typescript/native-stack/utils/useHeaderHeight.d.ts.map
22 notice 143B lib/typescript/native-stack/views/FontProcessor.d.ts
22 notice 253B lib/typescript/native-stack/views/FontProcessor.d.ts.map
22 notice 226B lib/typescript/native-stack/views/FooterComponent.d.ts
22 notice 322B lib/typescript/native-stack/views/FooterComponent.d.ts.map
22 notice 798B lib/typescript/native-stack/views/HeaderConfig.d.ts
22 notice 710B lib/typescript/native-stack/views/HeaderConfig.d.ts.map
22 notice 480B lib/typescript/native-stack/views/NativeStackView.d.ts
22 notice 490B lib/typescript/native-stack/views/NativeStackView.d.ts.map
22 notice 297B lib/typescript/reanimated/index.d.ts
22 notice 285B lib/typescript/reanimated/index.d.ts.map
22 notice 245B lib/typescript/reanimated/ReanimatedHeaderHeightContext.d.ts
22 notice 250B lib/typescript/reanimated/ReanimatedHeaderHeightContext.d.ts.map
22 notice 371B lib/typescript/reanimated/ReanimatedNativeStackScreen.d.ts
22 notice 295B lib/typescript/reanimated/ReanimatedNativeStackScreen.d.ts.map
22 notice 338B lib/typescript/reanimated/ReanimatedScreen.d.ts
22 notice 271B lib/typescript/reanimated/ReanimatedScreen.d.ts.map
22 notice 208B lib/typescript/reanimated/ReanimatedScreenProvider.d.ts
22 notice 290B lib/typescript/reanimated/ReanimatedScreenProvider.d.ts.map
22 notice 449B lib/typescript/reanimated/ReanimatedTransitionProgressContext.d.ts
22 notice 448B lib/typescript/reanimated/ReanimatedTransitionProgressContext.d.ts.map
22 notice 187B lib/typescript/reanimated/useReanimatedHeaderHeight.d.ts
22 notice 200B lib/typescript/reanimated/useReanimatedHeaderHeight.d.ts.map
22 notice 407B lib/typescript/reanimated/useReanimatedTransitionProgress.d.ts
22 notice 214B lib/typescript/reanimated/useReanimatedTransitionProgress.d.ts.map
22 notice 370B lib/typescript/TransitionProgressContext.d.ts
22 notice 377B lib/typescript/TransitionProgressContext.d.ts.map
22 notice 31.6kB lib/typescript/types.d.ts
22 notice 9.7kB lib/typescript/types.d.ts.map
22 notice 267B lib/typescript/useTransitionProgress.d.ts
22 notice 180B lib/typescript/useTransitionProgress.d.ts.map
22 notice 1.5kB lib/typescript/utils.d.ts
22 notice 246B lib/typescript/utils.d.ts.map
22 notice 206B native-stack/package.json
22 notice 30.0kB native-stack/README.md
22 notice 6.1kB package.json
22 notice 769B react-native.config.js
22 notice 194B reanimated/package.json
22 notice 1.3kB src/components/DebugContainer.tsx
22 notice 246B src/components/DebugContainer.web.tsx
22 notice 897B src/components/FullWindowOverlay.tsx
22 notice 152B src/components/FullWindowOverlay.web.tsx
22 notice 776B src/components/helpers/DelayedFreeze.tsx
22 notice 206B src/components/helpers/usePrevious.tsx
22 notice 13.3kB src/components/Screen.tsx
22 notice 1.3kB src/components/Screen.web.tsx
22 notice 974B src/components/ScreenContainer.tsx
22 notice 101B src/components/ScreenContainer.web.tsx
22 notice 338B src/components/ScreenContentWrapper.tsx
22 notice 111B src/components/ScreenContentWrapper.web.tsx
22 notice 491B src/components/ScreenFooter.tsx
22 notice 153B src/components/ScreenFooter.web.tsx
22 notice 3.4kB src/components/ScreenStack.tsx
22 notice 93B src/components/ScreenStack.web.tsx
22 notice 2.9kB src/components/ScreenStackHeaderConfig.tsx
22 notice 1.2kB src/components/ScreenStackHeaderConfig.web.tsx
22 notice 5.1kB src/components/ScreenStackItem.tsx
22 notice 3.4kB src/components/SearchBar.tsx
22 notice 89B src/components/SearchBar.web.tsx
22 notice 360B src/contexts.tsx
22 notice 930B src/core.ts
22 notice 281B src/fabric/FullWindowOverlayNativeComponent.ts
22 notice 3.5kB src/fabric/ModalScreenNativeComponent.ts
22 notice 222B src/fabric/NativeScreensModule.ts
22 notice 19B src/fabric/NativeScreensModule.web.ts
22 notice 279B src/fabric/ScreenContainerNativeComponent.ts
22 notice 283B src/fabric/ScreenContentWrapperNativeComponent.ts
22 notice 268B src/fabric/ScreenFooterNativeComponent.ts
22 notice 3.5kB src/fabric/ScreenNativeComponent.ts
22 notice 296B src/fabric/ScreenNavigationContainerNativeComponent.ts
22 notice 2.3kB src/fabric/ScreenStackHeaderConfigNativeComponent.ts
22 notice 569B src/fabric/ScreenStackHeaderSubviewNativeComponent.ts
22 notice 544B src/fabric/ScreenStackNativeComponent.ts
22 notice 2.6kB src/fabric/SearchBarNativeComponent.ts
22 notice 3.0kB src/gesture-handler/constraints.ts
22 notice 1.2kB src/gesture-handler/defaults.ts
22 notice 2.9kB src/gesture-handler/fabricUtils.ts
22 notice 174B src/gesture-handler/fabricUtils.web.ts
22 notice 468B src/gesture-handler/GestureDetectorProvider.tsx
22 notice 100B src/gesture-handler/index.tsx
22 notice 474B src/gesture-handler/RNScreensTurboModule.ts
22 notice 8.4kB src/gesture-handler/ScreenGestureDetector.tsx
22 notice 1.4kB src/index.tsx
22 notice 340B src/native-stack/contexts/GHContext.tsx
22 notice 695B src/native-stack/index.tsx
22 notice 3.2kB src/native-stack/navigators/createNativeStackNavigator.tsx
22 notice 27.4kB src/native-stack/types.tsx
22 notice 219B src/native-stack/utils/AnimatedHeaderHeightContext.tsx
22 notice 1.2kB src/native-stack/utils/getDefaultHeaderHeight.tsx
22 notice 981B src/native-stack/utils/getStatusBarHeight.tsx
22 notice 150B src/native-stack/utils/HeaderHeightContext.tsx
22 notice 1.9kB src/native-stack/utils/SafeAreaProviderCompat.tsx
22 notice 423B src/native-stack/utils/useAnimatedHeaderHeight.tsx
22 notice 1.7kB src/native-stack/utils/useBackPressSubscription.tsx
22 notice 370B src/native-stack/utils/useHeaderHeight.tsx
22 notice 555B src/native-stack/views/FontProcessor.tsx
22 notice 282B src/native-stack/views/FooterComponent.tsx
22 notice 6.2kB src/native-stack/views/HeaderConfig.tsx
22 notice 16.1kB src/native-stack/views/NativeStackView.tsx
22 notice 262B src/reanimated/index.tsx
22 notice 264B src/reanimated/ReanimatedHeaderHeightContext.tsx
22 notice 4.3kB src/reanimated/ReanimatedNativeStackScreen.tsx
22 notice 787B src/reanimated/ReanimatedScreen.tsx
22 notice 1.2kB src/reanimated/ReanimatedScreenProvider.tsx
22 notice 456B src/reanimated/ReanimatedTransitionProgressContext.tsx
22 notice 494B src/reanimated/useReanimatedHeaderHeight.tsx
22 notice 450B src/reanimated/useReanimatedTransitionProgress.tsx
22 notice 314B src/TransitionProgressContext.tsx
22 notice 30.4kB src/types.tsx
22 notice 400B src/useTransitionProgress.tsx
22 notice 1.6kB src/utils.ts
22 notice 1.4kB windows/README.md
22 notice 158B windows/RNScreens/packages.config
22 notice 20B windows/RNScreens/pch.cpp
22 notice 275B windows/RNScreens/pch.h
22 notice 603B windows/RNScreens/PropertySheet.props
22 notice 1.1kB windows/RNScreens/ReactPackageProvider.cpp
22 notice 676B windows/RNScreens/ReactPackageProvider.h
22 notice 197B windows/RNScreens/ReactPackageProvider.idl
22 notice 2.0kB windows/RNScreens/RNScreens.cpp
22 notice 139B windows/RNScreens/RNScreens.def
22 notice 1.5kB windows/RNScreens/RNScreens.h
22 notice 375B windows/RNScreens/RNScreens.idl
22 notice 10.9kB windows/RNScreens/RNScreens.vcxproj
22 notice 2.2kB windows/RNScreens/RNScreens.vcxproj.filters
22 notice 3.3kB windows/RNScreens/Screen.cpp
22 notice 1.7kB windows/RNScreens/Screen.h
22 notice 1.4kB windows/RNScreens/ScreenContainer.cpp
22 notice 757B windows/RNScreens/ScreenContainer.h
22 notice 3.6kB windows/RNScreens/ScreenContainerViewManager.cpp
22 notice 2.9kB windows/RNScreens/ScreenContainerViewManager.h
22 notice 1.8kB windows/RNScreens/ScreenStack.cpp
22 notice 773B windows/RNScreens/ScreenStack.h
22 notice 646B windows/RNScreens/ScreenStackHeaderConfig.cpp
22 notice 426B windows/RNScreens/ScreenStackHeaderConfig.h
22 notice 2.7kB windows/RNScreens/ScreenStackHeaderConfigViewManager.cpp
22 notice 2.3kB windows/RNScreens/ScreenStackHeaderConfigViewManager.h
22 notice 3.5kB windows/RNScreens/ScreenStackViewManager.cpp
22 notice 2.9kB windows/RNScreens/ScreenStackViewManager.h
22 notice 4.9kB windows/RNScreens/ScreenViewManager.cpp
22 notice 2.8kB windows/RNScreens/ScreenViewManager.h
22 notice 19.0kB windows/RNScreens62.sln
22 notice 16.9kB windows/RNScreens63.sln
22 notice 10.8kB windows/RNScreens65.sln
23 notice Tarball Details
24 notice name: react-native-screens
25 notice version: 4.5.0
26 notice filename: react-native-screens-4.5.0.tgz
27 notice package size: 325.6 kB
28 notice unpacked size: 1.7 MB
29 notice shasum: 748d47ed68763ea28822a5ecf304dbef38a15652
30 notice integrity: sha512-yBWeN5EHNeew9[...]ZGywjeM/gWMyg==
31 notice total files: 762
32 notice
33 verbose cwd /tmp
34 verbose os Linux 4.4.0
35 verbose node v22.22.1
36 verbose npm  v11.11.0
37 verbose exit 0
38 info ok
