0 verbose cli /usr/bin/node /usr/bin/npm
1 info using npm@11.11.0
2 info using node@v22.22.1
3 silly config load:file:/usr/lib/node_modules/npm/npmrc
4 silly config load:file:/tmp/.npmrc
5 silly config load:file:/expo-project/.npmrc
6 silly config load:file:/usr/etc/npmrc
7 verbose title npm view react-native-screens@4.5.0 dist.tarball
8 verbose argv "view" "react-native-screens@4.5.0" "dist.tarball"
9 verbose logfile logs-max:10 dir:/expo-project/.npm/_logs/2026-04-23T14_52_35_861Z-
10 verbose logfile /expo-project/.npm/_logs/2026-04-23T14_52_35_861Z-debug-0.log
11 warn Unknown user config "node-linker". This will stop working in the next major version of npm. See `npm help npmrc` for supported config options.
12 warn Unknown user config "enable-pre-post-scripts". This will stop working in the next major version of npm. See `npm help npmrc` for supported config options.
13 warn Unknown user config "shamefully-hoist". This will stop working in the next major version of npm. See `npm help npmrc` for supported config options.
14 warn Unknown user config "public-hoist-pattern". This will stop working in the next major version of npm. See `npm help npmrc` for supported config options.
15 silly logfile done cleaning log files
16 http fetch GET 200 https://registry.npmjs.org/react-native-screens 194ms (cache miss)
17 verbose cwd /tmp
18 verbose os Linux 4.4.0
19 verbose node v22.22.1
20 verbose npm  v11.11.0
21 verbose exit 0
22 info ok
