0 verbose cli /usr/bin/node /usr/lib/node_modules/npm/bin/npm-cli.js
1 info using npm@11.11.0
2 info using node@v22.22.1
3 silly config load:file:/usr/lib/node_modules/npm/npmrc
4 silly config load:file:/expo-project/.npmrc
5 silly config load:file:/usr/etc/npmrc
6 verbose title npm exec expo install expo-notifications@~0.29.14
7 verbose argv "exec" "--" "expo" "install" "expo-notifications@~0.29.14"
8 verbose logfile logs-max:10 dir:/expo-project/.npm/_logs/2026-04-29T22_15_41_467Z-
9 verbose logfile /expo-project/.npm/_logs/2026-04-29T22_15_41_467Z-debug-0.log
10 warn Unknown user config "node-linker". This will stop working in the next major version of npm. See `npm help npmrc` for supported config options.
11 warn Unknown user config "enable-pre-post-scripts". This will stop working in the next major version of npm. See `npm help npmrc` for supported config options.
12 warn Unknown user config "shamefully-hoist". This will stop working in the next major version of npm. See `npm help npmrc` for supported config options.
13 warn Unknown user config "public-hoist-pattern". This will stop working in the next major version of npm. See `npm help npmrc` for supported config options.
14 silly logfile done cleaning log files
15 verbose cwd /expo-project
16 verbose os Linux 4.4.0
17 verbose node v22.22.1
18 verbose npm  v11.11.0
19 verbose exit 1
20 verbose code 1
